// Jest Snapshot v1, https://goo.gl/fbAQLP

exports[`Pruebas en el GifGridItem Primer punto 1`] = `
<div
  className="card animate__animated animate__fadeIn"
>
  <img
    alt="Un título"
    src="https://localhost/ALGO.PNG"
  />
  <p>
    Un título
  </p>
</div>
`;
